
> @ build C:\PROYECTOS\APPS\cjhirashi-app
> next build

   ▲ Next.js 16.0.1 (Turbopack)
   - Environments: .env.local, .env

 ⚠ The "middleware" file convention is deprecated. Please use "proxy" instead. Learn more: https://nextjs.org/docs/messages/middleware-to-proxy
   Creating an optimized production build ...

> Build error occurred
Error: Turbopack build failed with 2 errors:
./components/analytics/top-users-table.tsx:4:1
Export AvatarInitials doesn't exist in target module
[0m [90m 2 |[39m
 [90m 3 |[39m [36mimport[39m { [33mCard[39m } [36mfrom[39m [32m'@/components/ui/card'[39m
[31m[1m>[22m[39m[90m 4 |[39m [36mimport[39m { [33mAvatar[39m[33m,[39m [33mAvatarFallback[39m[33m,[39m [33mAvatarInitials[39m } [36mfrom[39m [32m'@/components/ui/avatar'[39m
 [90m   |[39m [31m[1m^[22m[39m[31m[1m^[22m[39m[31m[1m^[22m[39m[31m[1m^[22m[39m[31m[1m^[22m[39m[31m[1m^[22m[39m[31m[1m^[22m[39m[31m[1m^[22m[39m[31m[1m^[22m[39m[31m[1m^[22m[39m[31m[1m^[22m[39m[31m[1m^[22m[39m[31m[1m^[22m[39m[31m[1m^[22m[39m[31m[1m^[22m[39m[31m[1m^[22m[39m[31m[1m^[22m[39m[31m[1m^[22m[39m[31m[1m^[22m[39m[31m[1m^[22m[39m[31m[1m^[22m[39m[31m[1m^[22m[39m[31m[1m^[22m[39m[31m[1m^[22m[39m[31m[1m^[22m[39m[31m[1m^[22m[39m[31m[1m^[22m[39m[31m[1m^[22m[39m[31m[1m^[22m[39m[31m[1m^[22m[39m[31m[1m^[22m[39m[31m[1m^[22m[39m[31m[1m^[22m[39m[31m[1m^[22m[39m[31m[1m^[22m[39m[31m[1m^[22m[39m[31m[1m^[22m[39m[31m[1m^[22m[39m[31m[1m^[22m[39m[31m[1m^[22m[39m[31m[1m^[22m[39m[31m[1m^[22m[39m[31m[1m^[22m[39m[31m[1m^[22m[39m[31m[1m^[22m[39m[31m[1m^[22m[39m[31m[1m^[22m[39m[31m[1m^[22m[39m[31m[1m^[22m[39m[31m[1m^[22m[39m[31m[1m^[22m[39m[31m[1m^[22m[39m[31m[1m^[22m[39m[31m[1m^[22m[39m[31m[1m^[22m[39m[31m[1m^[22m[39m[31m[1m^[22m[39m[31m[1m^[22m[39m[31m[1m^[22m[39m[31m[1m^[22m[39m[31m[1m^[22m[39m[31m[1m^[22m[39m[31m[1m^[22m[39m[31m[1m^[22m[39m[31m[1m^[22m[39m[31m[1m^[22m[39m[31m[1m^[22m[39m[31m[1m^[22m[39m[31m[1m^[22m[39m[31m[1m^[22m[39m[31m[1m^[22m[39m[31m[1m^[22m[39m[31m[1m^[22m[39m[31m[1m^[22m[39m[31m[1m^[22m[39m[31m[1m^[22m[39m[31m[1m^[22m[39m[31m[1m^[22m[39m[31m[1m^[22m[39m
 [90m 5 |[39m [36mimport[39m {
 [90m 6 |[39m   [33mTable[39m[33m,[39m
 [90m 7 |[39m   [33mTableBody[39m[33m,[39m[0m

The export AvatarInitials was not found in module [project]/components/ui/avatar.tsx [app-client] (ecmascript).
Did you mean to import Avatar?
All exports of the module are statically known (It doesn't have dynamic exports). So it's known statically that the requested export doesn't exist.

Import traces:
  App Route:
    ./components/analytics/top-users-table.tsx
    ./lib/generated/prisma/index.js
    ./lib/db/prisma.ts
    ./app/api/admin/users/[id]/route.ts

  Client Component Browser:
    ./components/analytics/top-users-table.tsx [Client Component Browser]
    ./app/admin/analytics/analytics-page-client.tsx [Client Component Browser]
    ./app/admin/analytics/analytics-page-client.tsx [Server Component]
    ./app/admin/analytics/page.tsx [Server Component]

  Client Component SSR:
    ./components/analytics/top-users-table.tsx [Client Component SSR]
    ./app/admin/analytics/analytics-page-client.tsx [Client Component SSR]
    ./app/admin/analytics/analytics-page-client.tsx [Server Component]
    ./app/admin/analytics/page.tsx [Server Component]


./components/analytics/top-users-table.tsx:4:1
Export AvatarInitials doesn't exist in target module
[0m [90m 2 |[39m
 [90m 3 |[39m [36mimport[39m { [33mCard[39m } [36mfrom[39m [32m'@/components/ui/card'[39m
[31m[1m>[22m[39m[90m 4 |[39m [36mimport[39m { [33mAvatar[39m[33m,[39m [33mAvatarFallback[39m[33m,[39m [33mAvatarInitials[39m } [36mfrom[39m [32m'@/components/ui/avatar'[39m
 [90m   |[39m [31m[1m^[22m[39m[31m[1m^[22m[39m[31m[1m^[22m[39m[31m[1m^[22m[39m[31m[1m^[22m[39m[31m[1m^[22m[39m[31m[1m^[22m[39m[31m[1m^[22m[39m[31m[1m^[22m[39m[31m[1m^[22m[39m[31m[1m^[22m[39m[31m[1m^[22m[39m[31m[1m^[22m[39m[31m[1m^[22m[39m[31m[1m^[22m[39m[31m[1m^[22m[39m[31m[1m^[22m[39m[31m[1m^[22m[39m[31m[1m^[22m[39m[31m[1m^[22m[39m[31m[1m^[22m[39m[31m[1m^[22m[39m[31m[1m^[22m[39m[31m[1m^[22m[39m[31m[1m^[22m[39m[31m[1m^[22m[39m[31m[1m^[22m[39m[31m[1m^[22m[39m[31m[1m^[22m[39m[31m[1m^[22m[39m[31m[1m^[22m[39m[31m[1m^[22m[39m[31m[1m^[22m[39m[31m[1m^[22m[39m[31m[1m^[22m[39m[31m[1m^[22m[39m[31m[1m^[22m[39m[31m[1m^[22m[39m[31m[1m^[22m[39m[31m[1m^[22m[39m[31m[1m^[22m[39m[31m[1m^[22m[39m[31m[1m^[22m[39m[31m[1m^[22m[39m[31m[1m^[22m[39m[31m[1m^[22m[39m[31m[1m^[22m[39m[31m[1m^[22m[39m[31m[1m^[22m[39m[31m[1m^[22m[39m[31m[1m^[22m[39m[31m[1m^[22m[39m[31m[1m^[22m[39m[31m[1m^[22m[39m[31m[1m^[22m[39m[31m[1m^[22m[39m[31m[1m^[22m[39m[31m[1m^[22m[39m[31m[1m^[22m[39m[31m[1m^[22m[39m[31m[1m^[22m[39m[31m[1m^[22m[39m[31m[1m^[22m[39m[31m[1m^[22m[39m[31m[1m^[22m[39m[31m[1m^[22m[39m[31m[1m^[22m[39m[31m[1m^[22m[39m[31m[1m^[22m[39m[31m[1m^[22m[39m[31m[1m^[22m[39m[31m[1m^[22m[39m[31m[1m^[22m[39m[31m[1m^[22m[39m[31m[1m^[22m[39m[31m[1m^[22m[39m[31m[1m^[22m[39m[31m[1m^[22m[39m[31m[1m^[22m[39m
 [90m 5 |[39m [36mimport[39m {
 [90m 6 |[39m   [33mTable[39m[33m,[39m
 [90m 7 |[39m   [33mTableBody[39m[33m,[39m[0m

The export AvatarInitials was not found in module [project]/components/ui/avatar.tsx [app-ssr] (ecmascript).
Did you mean to import Avatar?
All exports of the module are statically known (It doesn't have dynamic exports). So it's known statically that the requested export doesn't exist.

Import traces:
  App Route:
    ./components/analytics/top-users-table.tsx
    ./lib/generated/prisma/index.js
    ./lib/db/prisma.ts
    ./app/api/admin/users/[id]/route.ts

  Client Component Browser:
    ./components/analytics/top-users-table.tsx [Client Component Browser]
    ./app/admin/analytics/analytics-page-client.tsx [Client Component Browser]
    ./app/admin/analytics/analytics-page-client.tsx [Server Component]
    ./app/admin/analytics/page.tsx [Server Component]

  Client Component SSR:
    ./components/analytics/top-users-table.tsx [Client Component SSR]
    ./app/admin/analytics/analytics-page-client.tsx [Client Component SSR]
    ./app/admin/analytics/analytics-page-client.tsx [Server Component]
    ./app/admin/analytics/page.tsx [Server Component]


    at <unknown> (./components/analytics/top-users-table.tsx:4:1)
    at <unknown> (./components/analytics/top-users-table.tsx:4:1)
 ELIFECYCLE  Command failed with exit code 1.
